Archive member included because of file (symbol)

d:/imt_sdk_win_64/winavr/bin/../lib/gcc/avr/4.3.3/avr5\libgcc.a(_mulsi3.o)
                              ./COTS/1-MCAL/1-DIO/DIO_program.o (__mulsi3)
d:/imt_sdk_win_64/winavr/bin/../lib/gcc/avr/4.3.3/avr5\libgcc.a(_udivmodsi4.o)
                              ./COTS/2-HAL/LCD/LCD_program.o (__udivmodsi4)
d:/imt_sdk_win_64/winavr/bin/../lib/gcc/avr/4.3.3/avr5\libgcc.a(_divmodsi4.o)
                              ./COTS/1-MCAL/1-DIO/DIO_program.o (__divmodsi4)
d:/imt_sdk_win_64/winavr/bin/../lib/gcc/avr/4.3.3/avr5\libgcc.a(_exit.o)
                              d:/imt_sdk_win_64/winavr/bin/../lib/gcc/avr/4.3.3/../../../../avr/lib/avr5/crtm32.o (exit)
d:/imt_sdk_win_64/winavr/bin/../lib/gcc/avr/4.3.3/avr5\libgcc.a(_copy_data.o)
                              ./COTS/2-HAL/SS/SS_program.o (__do_copy_data)
d:/imt_sdk_win_64/winavr/bin/../lib/gcc/avr/4.3.3/avr5\libgcc.a(_clear_bss.o)
                              ./COTS/1-MCAL/5-TIMER/TIMER_program.o (__do_clear_bss)
d:/imt_sdk_win_64/winavr/bin/../lib/gcc/avr/4.3.3/avr5\libgcc.a(_fixunssfsi.o)
                              ./COTS/2-HAL/LCD/LCD_program.o (__fixunssfsi)
d:/imt_sdk_win_64/winavr/bin/../lib/gcc/avr/4.3.3/avr5\libgcc.a(_addsub_sf.o)
                              d:/imt_sdk_win_64/winavr/bin/../lib/gcc/avr/4.3.3/avr5\libgcc.a(_fixunssfsi.o) (__subsf3)
d:/imt_sdk_win_64/winavr/bin/../lib/gcc/avr/4.3.3/avr5\libgcc.a(_mul_sf.o)
                              ./COTS/2-HAL/LCD/LCD_program.o (__mulsf3)
d:/imt_sdk_win_64/winavr/bin/../lib/gcc/avr/4.3.3/avr5\libgcc.a(_gt_sf.o)
                              ./COTS/2-HAL/LCD/LCD_program.o (__gtsf2)
d:/imt_sdk_win_64/winavr/bin/../lib/gcc/avr/4.3.3/avr5\libgcc.a(_ge_sf.o)
                              d:/imt_sdk_win_64/winavr/bin/../lib/gcc/avr/4.3.3/avr5\libgcc.a(_fixunssfsi.o) (__gesf2)
d:/imt_sdk_win_64/winavr/bin/../lib/gcc/avr/4.3.3/avr5\libgcc.a(_lt_sf.o)
                              ./COTS/2-HAL/LCD/LCD_program.o (__ltsf2)
d:/imt_sdk_win_64/winavr/bin/../lib/gcc/avr/4.3.3/avr5\libgcc.a(_si_to_sf.o)
                              ./COTS/1-MCAL/1-DIO/DIO_program.o (__floatsisf)
d:/imt_sdk_win_64/winavr/bin/../lib/gcc/avr/4.3.3/avr5\libgcc.a(_sf_to_si.o)
                              d:/imt_sdk_win_64/winavr/bin/../lib/gcc/avr/4.3.3/avr5\libgcc.a(_fixunssfsi.o) (__fixsfsi)
d:/imt_sdk_win_64/winavr/bin/../lib/gcc/avr/4.3.3/avr5\libgcc.a(_thenan_sf.o)
                              d:/imt_sdk_win_64/winavr/bin/../lib/gcc/avr/4.3.3/avr5\libgcc.a(_addsub_sf.o) (__thenan_sf)
d:/imt_sdk_win_64/winavr/bin/../lib/gcc/avr/4.3.3/avr5\libgcc.a(_prologue.o)
                              d:/imt_sdk_win_64/winavr/bin/../lib/gcc/avr/4.3.3/avr5\libgcc.a(_addsub_sf.o) (__prologue_saves__)
d:/imt_sdk_win_64/winavr/bin/../lib/gcc/avr/4.3.3/avr5\libgcc.a(_epilogue.o)
                              d:/imt_sdk_win_64/winavr/bin/../lib/gcc/avr/4.3.3/avr5\libgcc.a(_addsub_sf.o) (__epilogue_restores__)
d:/imt_sdk_win_64/winavr/bin/../lib/gcc/avr/4.3.3/avr5\libgcc.a(_clzsi2.o)
                              d:/imt_sdk_win_64/winavr/bin/../lib/gcc/avr/4.3.3/avr5\libgcc.a(_si_to_sf.o) (__clzsi2)
d:/imt_sdk_win_64/winavr/bin/../lib/gcc/avr/4.3.3/avr5\libgcc.a(_pack_sf.o)
                              d:/imt_sdk_win_64/winavr/bin/../lib/gcc/avr/4.3.3/avr5\libgcc.a(_addsub_sf.o) (__pack_f)
d:/imt_sdk_win_64/winavr/bin/../lib/gcc/avr/4.3.3/avr5\libgcc.a(_unpack_sf.o)
                              d:/imt_sdk_win_64/winavr/bin/../lib/gcc/avr/4.3.3/avr5\libgcc.a(_addsub_sf.o) (__unpack_f)
d:/imt_sdk_win_64/winavr/bin/../lib/gcc/avr/4.3.3/avr5\libgcc.a(_fpcmp_parts_sf.o)
                              d:/imt_sdk_win_64/winavr/bin/../lib/gcc/avr/4.3.3/avr5\libgcc.a(_gt_sf.o) (__fpcmp_parts_f)
d:/imt_sdk_win_64/winavr/bin/../lib/gcc/avr/4.3.3/avr5\libgcc.a(_clz.o)
                              d:/imt_sdk_win_64/winavr/bin/../lib/gcc/avr/4.3.3/avr5\libgcc.a(_clzsi2.o) (__clz_tab)

Allocating common symbols
Common symbol       size              file

Local_ADCReading    0x2               ./COTS/1-MCAL/4-ADC/ADC_program.o

Memory Configuration

Name             Origin             Length             Attributes
text             0x00000000         0x00020000         xr
data             0x00800060         0x0000ffa0         rw !x
eeprom           0x00810000         0x00010000         rw !x
fuse             0x00820000         0x00000400         rw !x
lock             0x00830000         0x00000400         rw !x
signature        0x00840000         0x00000400         rw !x
*default*        0x00000000         0xffffffff

Linker script and memory map

LOAD d:/imt_sdk_win_64/winavr/bin/../lib/gcc/avr/4.3.3/../../../../avr/lib/avr5/crtm32.o
LOAD ./COTS/2-HAL/SW/SW_program.o
LOAD ./COTS/2-HAL/SS/SS_program.o
LOAD ./COTS/2-HAL/LED/LED_program.o
LOAD ./COTS/2-HAL/LCD/LCD_program.o
LOAD ./COTS/2-HAL/KeyPad/KP_program.o
LOAD ./COTS/1-MCAL/9-TWI/TWI_program.o
LOAD ./COTS/1-MCAL/8-SPI/SPI_program.o
LOAD ./COTS/1-MCAL/7-USART/USART_program.o
LOAD ./COTS/1-MCAL/6-PORT/Port_program.o
LOAD ./COTS/1-MCAL/5-TIMER/TIMER_program.o
LOAD ./COTS/1-MCAL/4-ADC/ADC_program.o
LOAD ./COTS/1-MCAL/3-GIE/GIE_program.o
LOAD ./COTS/1-MCAL/2-EXTI/EXTI_program.o
LOAD ./COTS/1-MCAL/1-DIO/DIO_program.o
LOAD ./main.o
LOAD d:/imt_sdk_win_64/winavr/bin/../lib/gcc/avr/4.3.3/avr5\libgcc.a
LOAD d:/imt_sdk_win_64/winavr/bin/../lib/gcc/avr/4.3.3/../../../../avr/lib/avr5\libc.a
LOAD d:/imt_sdk_win_64/winavr/bin/../lib/gcc/avr/4.3.3/avr5\libgcc.a

.hash
 *(.hash)

.dynsym
 *(.dynsym)

.dynstr
 *(.dynstr)

.gnu.version
 *(.gnu.version)

.gnu.version_d
 *(.gnu.version_d)

.gnu.version_r
 *(.gnu.version_r)

.rel.init
 *(.rel.init)

.rela.init
 *(.rela.init)

.rel.text
 *(.rel.text)
 *(.rel.text.*)
 *(.rel.gnu.linkonce.t*)

.rela.text
 *(.rela.text)
 *(.rela.text.*)
 *(.rela.gnu.linkonce.t*)

.rel.fini
 *(.rel.fini)

.rela.fini
 *(.rela.fini)

.rel.rodata
 *(.rel.rodata)
 *(.rel.rodata.*)
 *(.rel.gnu.linkonce.r*)

.rela.rodata
 *(.rela.rodata)
 *(.rela.rodata.*)
 *(.rela.gnu.linkonce.r*)

.rel.data
 *(.rel.data)
 *(.rel.data.*)
 *(.rel.gnu.linkonce.d*)

.rela.data
 *(.rela.data)
 *(.rela.data.*)
 *(.rela.gnu.linkonce.d*)

.rel.ctors
 *(.rel.ctors)

.rela.ctors
 *(.rela.ctors)

.rel.dtors
 *(.rel.dtors)

.rela.dtors
 *(.rela.dtors)

.rel.got
 *(.rel.got)

.rela.got
 *(.rela.got)

.rel.bss
 *(.rel.bss)

.rela.bss
 *(.rela.bss)

.rel.plt
 *(.rel.plt)

.rela.plt
 *(.rela.plt)

.text           0x00000000     0x3f16
 *(.vectors)
 .vectors       0x00000000       0x54 d:/imt_sdk_win_64/winavr/bin/../lib/gcc/avr/4.3.3/../../../../avr/lib/avr5/crtm32.o
                0x00000000                __vectors
                0x00000000                __vector_default
 *(.vectors)
 *(.progmem.gcc*)
 *(.progmem*)
                0x00000054                . = ALIGN (0x2)
                0x00000054                __trampolines_start = .
 *(.trampolines)
 .trampolines   0x00000054        0x0 linker stubs
 *(.trampolines*)
                0x00000054                __trampolines_end = .
 *(.jumptables)
 *(.jumptables*)
 *(.lowtext)
 *(.lowtext*)
                0x00000054                __ctors_start = .
 *(.ctors)
                0x00000054                __ctors_end = .
                0x00000054                __dtors_start = .
 *(.dtors)
                0x00000054                __dtors_end = .
 SORT(*)(.ctors)
 SORT(*)(.dtors)
 *(.init0)
 .init0         0x00000054        0x0 d:/imt_sdk_win_64/winavr/bin/../lib/gcc/avr/4.3.3/../../../../avr/lib/avr5/crtm32.o
                0x00000054                __init
 *(.init0)
 *(.init1)
 *(.init1)
 *(.init2)
 .init2         0x00000054        0xc d:/imt_sdk_win_64/winavr/bin/../lib/gcc/avr/4.3.3/../../../../avr/lib/avr5/crtm32.o
 *(.init2)
 *(.init3)
 *(.init3)
 *(.init4)
 .init4         0x00000060       0x16 d:/imt_sdk_win_64/winavr/bin/../lib/gcc/avr/4.3.3/avr5\libgcc.a(_copy_data.o)
                0x00000060                __do_copy_data
 .init4         0x00000076       0x10 d:/imt_sdk_win_64/winavr/bin/../lib/gcc/avr/4.3.3/avr5\libgcc.a(_clear_bss.o)
                0x00000076                __do_clear_bss
 *(.init4)
 *(.init5)
 *(.init5)
 *(.init6)
 *(.init6)
 *(.init7)
 *(.init7)
 *(.init8)
 *(.init8)
 *(.init9)
 .init9         0x00000086        0x8 d:/imt_sdk_win_64/winavr/bin/../lib/gcc/avr/4.3.3/../../../../avr/lib/avr5/crtm32.o
 *(.init9)
 *(.text)
 .text          0x0000008e        0x4 d:/imt_sdk_win_64/winavr/bin/../lib/gcc/avr/4.3.3/../../../../avr/lib/avr5/crtm32.o
                0x0000008e                __vector_12
                0x0000008e                __bad_interrupt
                0x0000008e                __vector_13
                0x0000008e                __vector_17
                0x0000008e                __vector_19
                0x0000008e                __vector_7
                0x0000008e                __vector_5
                0x0000008e                __vector_4
                0x0000008e                __vector_9
                0x0000008e                __vector_15
                0x0000008e                __vector_8
                0x0000008e                __vector_14
                0x0000008e                __vector_18
                0x0000008e                __vector_20
 .text          0x00000092        0x0 ./COTS/2-HAL/SW/SW_program.o
 .text          0x00000092        0x0 ./COTS/2-HAL/SS/SS_program.o
 .text          0x00000092        0x0 ./COTS/2-HAL/LED/LED_program.o
 .text          0x00000092        0x0 ./COTS/2-HAL/LCD/LCD_program.o
 .text          0x00000092        0x0 ./COTS/2-HAL/KeyPad/KP_program.o
 .text          0x00000092        0x0 ./COTS/1-MCAL/9-TWI/TWI_program.o
 .text          0x00000092        0x0 ./COTS/1-MCAL/8-SPI/SPI_program.o
 .text          0x00000092        0x0 ./COTS/1-MCAL/7-USART/USART_program.o
 .text          0x00000092        0x0 ./COTS/1-MCAL/6-PORT/Port_program.o
 .text          0x00000092        0x0 ./COTS/1-MCAL/5-TIMER/TIMER_program.o
 .text          0x00000092        0x0 ./COTS/1-MCAL/4-ADC/ADC_program.o
 .text          0x00000092        0x0 ./COTS/1-MCAL/3-GIE/GIE_program.o
 .text          0x00000092        0x0 ./COTS/1-MCAL/2-EXTI/EXTI_program.o
 .text          0x00000092        0x0 ./COTS/1-MCAL/1-DIO/DIO_program.o
 .text          0x00000092        0x0 ./main.o
 .text          0x00000092        0x0 d:/imt_sdk_win_64/winavr/bin/../lib/gcc/avr/4.3.3/avr5\libgcc.a(_mulsi3.o)
 .text          0x00000092        0x0 d:/imt_sdk_win_64/winavr/bin/../lib/gcc/avr/4.3.3/avr5\libgcc.a(_udivmodsi4.o)
 .text          0x00000092        0x0 d:/imt_sdk_win_64/winavr/bin/../lib/gcc/avr/4.3.3/avr5\libgcc.a(_divmodsi4.o)
 .text          0x00000092        0x0 d:/imt_sdk_win_64/winavr/bin/../lib/gcc/avr/4.3.3/avr5\libgcc.a(_exit.o)
 .text          0x00000092        0x0 d:/imt_sdk_win_64/winavr/bin/../lib/gcc/avr/4.3.3/avr5\libgcc.a(_copy_data.o)
 .text          0x00000092        0x0 d:/imt_sdk_win_64/winavr/bin/../lib/gcc/avr/4.3.3/avr5\libgcc.a(_clear_bss.o)
 .text          0x00000092       0x58 d:/imt_sdk_win_64/winavr/bin/../lib/gcc/avr/4.3.3/avr5\libgcc.a(_fixunssfsi.o)
                0x00000092                __fixunssfsi
 .text          0x000000ea      0x354 d:/imt_sdk_win_64/winavr/bin/../lib/gcc/avr/4.3.3/avr5\libgcc.a(_addsub_sf.o)
                0x00000382                __subsf3
                0x000003e4                __addsf3
 .text          0x0000043e      0x1f4 d:/imt_sdk_win_64/winavr/bin/../lib/gcc/avr/4.3.3/avr5\libgcc.a(_mul_sf.o)
                0x0000043e                __mulsf3
 .text          0x00000632       0x60 d:/imt_sdk_win_64/winavr/bin/../lib/gcc/avr/4.3.3/avr5\libgcc.a(_gt_sf.o)
                0x00000632                __gtsf2
 .text          0x00000692       0x60 d:/imt_sdk_win_64/winavr/bin/../lib/gcc/avr/4.3.3/avr5\libgcc.a(_ge_sf.o)
                0x00000692                __gesf2
 .text          0x000006f2       0x60 d:/imt_sdk_win_64/winavr/bin/../lib/gcc/avr/4.3.3/avr5\libgcc.a(_lt_sf.o)
                0x000006f2                __ltsf2
 .text          0x00000752       0xbc d:/imt_sdk_win_64/winavr/bin/../lib/gcc/avr/4.3.3/avr5\libgcc.a(_si_to_sf.o)
                0x00000752                __floatsisf
 .text          0x0000080e       0xa8 d:/imt_sdk_win_64/winavr/bin/../lib/gcc/avr/4.3.3/avr5\libgcc.a(_sf_to_si.o)
                0x0000080e                __fixsfsi
 .text          0x000008b6        0x0 d:/imt_sdk_win_64/winavr/bin/../lib/gcc/avr/4.3.3/avr5\libgcc.a(_thenan_sf.o)
 .text          0x000008b6        0x0 d:/imt_sdk_win_64/winavr/bin/../lib/gcc/avr/4.3.3/avr5\libgcc.a(_prologue.o)
 .text          0x000008b6        0x0 d:/imt_sdk_win_64/winavr/bin/../lib/gcc/avr/4.3.3/avr5\libgcc.a(_epilogue.o)
 .text          0x000008b6       0x9e d:/imt_sdk_win_64/winavr/bin/../lib/gcc/avr/4.3.3/avr5\libgcc.a(_clzsi2.o)
                0x000008b6                __clzsi2
 .text          0x00000954      0x1aa d:/imt_sdk_win_64/winavr/bin/../lib/gcc/avr/4.3.3/avr5\libgcc.a(_pack_sf.o)
                0x00000954                __pack_f
 .text          0x00000afe       0xf0 d:/imt_sdk_win_64/winavr/bin/../lib/gcc/avr/4.3.3/avr5\libgcc.a(_unpack_sf.o)
                0x00000afe                __unpack_f
 .text          0x00000bee       0xb2 d:/imt_sdk_win_64/winavr/bin/../lib/gcc/avr/4.3.3/avr5\libgcc.a(_fpcmp_parts_sf.o)
                0x00000bee                __fpcmp_parts_f
 .text          0x00000ca0        0x0 d:/imt_sdk_win_64/winavr/bin/../lib/gcc/avr/4.3.3/avr5\libgcc.a(_clz.o)
                0x00000ca0                . = ALIGN (0x2)
 *(.text.*)
 .text.SW_Def   0x00000ca0       0x7c ./COTS/2-HAL/SW/SW_program.o
                0x00000ca0                SW_Def
 .text.SW_GetState
                0x00000d1c       0x92 ./COTS/2-HAL/SW/SW_program.o
                0x00000d1c                SW_GetState
 .text.SSD_setNumber
                0x00000dae       0x86 ./COTS/2-HAL/SS/SS_program.o
                0x00000dae                SSD_setNumber
 .text.SSD_Enable
                0x00000e34       0x6e ./COTS/2-HAL/SS/SS_program.o
                0x00000e34                SSD_Enable
 .text.SSD_Disable
                0x00000ea2       0x6e ./COTS/2-HAL/SS/SS_program.o
                0x00000ea2                SSD_Disable
 .text.LED_TurnOn
                0x00000f10       0x44 ./COTS/2-HAL/LED/LED_program.o
                0x00000f10                LED_TurnOn
 .text.LED_TurnOff
                0x00000f54       0x44 ./COTS/2-HAL/LED/LED_program.o
                0x00000f54                LED_TurnOff
 .text.LCD_voidSendCommand
                0x00000f98      0x412 ./COTS/2-HAL/LCD/LCD_program.o
                0x00000f98                LCD_voidSendCommand
 .text.LCD_voidSendData
                0x000013aa      0x24a ./COTS/2-HAL/LCD/LCD_program.o
                0x000013aa                LCD_voidSendData
 .text.LCD_voidInit
                0x000015f4      0x122 ./COTS/2-HAL/LCD/LCD_program.o
                0x000015f4                LCD_voidInit
 .text.LCD_voidSendString
                0x00001716       0x52 ./COTS/2-HAL/LCD/LCD_program.o
                0x00001716                LCD_voidSendString
 .text.LCD_voidGoToXY
                0x00001768       0x3c ./COTS/2-HAL/LCD/LCD_program.o
                0x00001768                LCD_voidGoToXY
 .text.LCD_voidSpecialChar
                0x000017a4       0x80 ./COTS/2-HAL/LCD/LCD_program.o
                0x000017a4                LCD_voidSpecialChar
 .text.LCD_voidWriteNumber
                0x00001824      0x11c ./COTS/2-HAL/LCD/LCD_program.o
                0x00001824                LCD_voidWriteNumber
 .text.KP_u8GetPressedKey
                0x00001940      0x118 ./COTS/2-HAL/KeyPad/KP_program.o
                0x00001940                KP_u8GetPressedKey
 .text.TWI_voidMasterInit
                0x00001a58       0x56 ./COTS/1-MCAL/9-TWI/TWI_program.o
                0x00001a58                TWI_voidMasterInit
 .text.TWI_voidSlaveInit
                0x00001aae       0x2c ./COTS/1-MCAL/9-TWI/TWI_program.o
                0x00001aae                TWI_voidSlaveInit
 .text.TWI_SendStart
                0x00001ada       0x54 ./COTS/1-MCAL/9-TWI/TWI_program.o
                0x00001ada                TWI_SendStart
 .text.TWI_SendRepeatedStart
                0x00001b2e       0x54 ./COTS/1-MCAL/9-TWI/TWI_program.o
                0x00001b2e                TWI_SendRepeatedStart
 .text.TWI_SendSlaveAddWithWrite
                0x00001b82       0x70 ./COTS/1-MCAL/9-TWI/TWI_program.o
                0x00001b82                TWI_SendSlaveAddWithWrite
 .text.TWI_SendSlaveAddWithRead
                0x00001bf2       0x70 ./COTS/1-MCAL/9-TWI/TWI_program.o
                0x00001bf2                TWI_SendSlaveAddWithRead
 .text.TWI_MasterSendDataByte
                0x00001c62       0x52 ./COTS/1-MCAL/9-TWI/TWI_program.o
                0x00001c62                TWI_MasterSendDataByte
 .text.TWI_MasterReadDataByte
                0x00001cb4       0x6c ./COTS/1-MCAL/9-TWI/TWI_program.o
                0x00001cb4                TWI_MasterReadDataByte
 .text.TWI_SendStop
                0x00001d20       0x2a ./COTS/1-MCAL/9-TWI/TWI_program.o
                0x00001d20                TWI_SendStop
 .text.SPI_voidMasterInit
                0x00001d4a       0x54 ./COTS/1-MCAL/8-SPI/SPI_program.o
                0x00001d4a                SPI_voidMasterInit
 .text.SPI_voidSlaveInit
                0x00001d9e       0x2a ./COTS/1-MCAL/8-SPI/SPI_program.o
                0x00001d9e                SPI_voidSlaveInit
 .text.SPI_u8TransCeive
                0x00001dc8       0x2c ./COTS/1-MCAL/8-SPI/SPI_program.o
                0x00001dc8                SPI_u8TransCeive
 .text.USART_voidInit
                0x00001df4       0x7e ./COTS/1-MCAL/7-USART/USART_program.o
                0x00001df4                USART_voidInit
 .text.USART_voidSendData
                0x00001e72       0x34 ./COTS/1-MCAL/7-USART/USART_program.o
                0x00001e72                USART_voidSendData
 .text.USART_u8ReadData
                0x00001ea6       0x1e ./COTS/1-MCAL/7-USART/USART_program.o
                0x00001ea6                USART_u8ReadData
 .text.PORT_voidInit
                0x00001ec4       0x42 ./COTS/1-MCAL/6-PORT/Port_program.o
                0x00001ec4                PORT_voidInit
 .text.DELAY_NonBlockHelper
                0x00001f06       0xbc ./COTS/1-MCAL/5-TIMER/TIMER_program.o
                0x00001f06                DELAY_NonBlockHelper
 .text.TIMER0_voidINIT
                0x00001fc2      0x2b2 ./COTS/1-MCAL/5-TIMER/TIMER_program.o
                0x00001fc2                TIMER0_voidINIT
 .text.TIMER0_SetCOMPValue
                0x00002274       0x1c ./COTS/1-MCAL/5-TIMER/TIMER_program.o
                0x00002274                TIMER0_SetCOMPValue
 .text.TIMER0_SetOutMode
                0x00002290      0x214 ./COTS/1-MCAL/5-TIMER/TIMER_program.o
                0x00002290                TIMER0_SetOutMode
 .text.TIMER0_COMPIntE
                0x000024a4       0x58 ./COTS/1-MCAL/5-TIMER/TIMER_program.o
                0x000024a4                TIMER0_COMPIntE
 .text.TIMER0_OVFIntE
                0x000024fc       0x58 ./COTS/1-MCAL/5-TIMER/TIMER_program.o
                0x000024fc                TIMER0_OVFIntE
 .text.TIMER0_u8COMPCallBackFunc
                0x00002554       0x3a ./COTS/1-MCAL/5-TIMER/TIMER_program.o
                0x00002554                TIMER0_u8COMPCallBackFunc
 .text.TIMER0_u8OVFCallBackFunc
                0x0000258e       0x3a ./COTS/1-MCAL/5-TIMER/TIMER_program.o
                0x0000258e                TIMER0_u8OVFCallBackFunc
 .text.DELYA_voidNonBlockDelay
                0x000025c8       0x70 ./COTS/1-MCAL/5-TIMER/TIMER_program.o
                0x000025c8                DELYA_voidNonBlockDelay
 .text.TIMER1_voidInit
                0x00002638       0x70 ./COTS/1-MCAL/5-TIMER/TIMER_program.o
                0x00002638                TIMER1_voidInit
 .text.TIMER1_TopValue
                0x000026a8       0x24 ./COTS/1-MCAL/5-TIMER/TIMER_program.o
                0x000026a8                TIMER1_TopValue
 .text.TIMER1_channelACOMPValue
                0x000026cc       0x24 ./COTS/1-MCAL/5-TIMER/TIMER_program.o
                0x000026cc                TIMER1_channelACOMPValue
 .text.TIMER1_SetChannelReading
                0x000026f0       0x24 ./COTS/1-MCAL/5-TIMER/TIMER_program.o
                0x000026f0                TIMER1_SetChannelReading
 .text.TIMER1_ReadChannelReading
                0x00002714       0x16 ./COTS/1-MCAL/5-TIMER/TIMER_program.o
                0x00002714                TIMER1_ReadChannelReading
 .text.ICU_voidInit
                0x0000272a       0x2a ./COTS/1-MCAL/5-TIMER/TIMER_program.o
                0x0000272a                ICU_voidInit
 .text.ICU_voidSetEdge
                0x00002754       0x58 ./COTS/1-MCAL/5-TIMER/TIMER_program.o
                0x00002754                ICU_voidSetEdge
 .text.ICU_voidInterrupt
                0x000027ac       0x58 ./COTS/1-MCAL/5-TIMER/TIMER_program.o
                0x000027ac                ICU_voidInterrupt
 .text.ICU_ReadChannelReading
                0x00002804       0x16 ./COTS/1-MCAL/5-TIMER/TIMER_program.o
                0x00002804                ICU_ReadChannelReading
 .text.ICU_voidSetCallBack
                0x0000281a       0x3a ./COTS/1-MCAL/5-TIMER/TIMER_program.o
                0x0000281a                ICU_voidSetCallBack
 .text.WDT_voidSleep
                0x00002854      0x1f8 ./COTS/1-MCAL/5-TIMER/TIMER_program.o
                0x00002854                WDT_voidSleep
 .text.WDT_voidDisable
                0x00002a4c       0x1c ./COTS/1-MCAL/5-TIMER/TIMER_program.o
                0x00002a4c                WDT_voidDisable
 .text.__vector_10
                0x00002a68       0x66 ./COTS/1-MCAL/5-TIMER/TIMER_program.o
                0x00002a68                __vector_10
 .text.__vector_11
                0x00002ace       0x66 ./COTS/1-MCAL/5-TIMER/TIMER_program.o
                0x00002ace                __vector_11
 .text.__vector_6
                0x00002b34       0x66 ./COTS/1-MCAL/5-TIMER/TIMER_program.o
                0x00002b34                __vector_6
 .text.ADC_voidInit
                0x00002b9a       0x62 ./COTS/1-MCAL/4-ADC/ADC_program.o
                0x00002b9a                ADC_voidInit
 .text.ADC_u8StartConversionSync
                0x00002bfc       0xfc ./COTS/1-MCAL/4-ADC/ADC_program.o
                0x00002bfc                ADC_u8StartConversionSync
 .text.ADC_u8StartConversionAsync
                0x00002cf8       0xb2 ./COTS/1-MCAL/4-ADC/ADC_program.o
                0x00002cf8                ADC_u8StartConversionAsync
 .text.ADC_u8StartChainConversion
                0x00002daa       0xda ./COTS/1-MCAL/4-ADC/ADC_program.o
                0x00002daa                ADC_u8StartChainConversion
 .text.__vector_16
                0x00002e84      0x138 ./COTS/1-MCAL/4-ADC/ADC_program.o
                0x00002e84                __vector_16
 .text.GIE_voidEnable
                0x00002fbc       0x1c ./COTS/1-MCAL/3-GIE/GIE_program.o
                0x00002fbc                GIE_voidEnable
 .text.GIE_voidDisable
                0x00002fd8       0x1c ./COTS/1-MCAL/3-GIE/GIE_program.o
                0x00002fd8                GIE_voidDisable
 .text.EXTI_voidINT0Init
                0x00002ff4       0x38 ./COTS/1-MCAL/2-EXTI/EXTI_program.o
                0x00002ff4                EXTI_voidINT0Init
 .text.EXTI_voidINT1Init
                0x0000302c       0x38 ./COTS/1-MCAL/2-EXTI/EXTI_program.o
                0x0000302c                EXTI_voidINT1Init
 .text.EXTI_voidINT2Init
                0x00003064       0x2a ./COTS/1-MCAL/2-EXTI/EXTI_program.o
                0x00003064                EXTI_voidINT2Init
 .text.EXTI_u8IntSetSenseControl
                0x0000308e      0x208 ./COTS/1-MCAL/2-EXTI/EXTI_program.o
                0x0000308e                EXTI_u8IntSetSenseControl
 .text.EXTI_u8IntEnable
                0x00003296      0x116 ./COTS/1-MCAL/2-EXTI/EXTI_program.o
                0x00003296                EXTI_u8IntEnable
 .text.EXTI_u8Int0ISR
                0x000033ac       0x3a ./COTS/1-MCAL/2-EXTI/EXTI_program.o
                0x000033ac                EXTI_u8Int0ISR
 .text.EXTI_u8Int1ISR
                0x000033e6       0x3a ./COTS/1-MCAL/2-EXTI/EXTI_program.o
                0x000033e6                EXTI_u8Int1ISR
 .text.EXTI_u8Int2ISR
                0x00003420       0x3a ./COTS/1-MCAL/2-EXTI/EXTI_program.o
                0x00003420                EXTI_u8Int2ISR
 .text.__vector_1
                0x0000345a       0x66 ./COTS/1-MCAL/2-EXTI/EXTI_program.o
                0x0000345a                __vector_1
 .text.__vector_2
                0x000034c0       0x66 ./COTS/1-MCAL/2-EXTI/EXTI_program.o
                0x000034c0                __vector_2
 .text.__vector_3
                0x00003526       0x66 ./COTS/1-MCAL/2-EXTI/EXTI_program.o
                0x00003526                __vector_3
 .text.DIO_u8SetPinDirection
                0x0000358c      0x224 ./COTS/1-MCAL/1-DIO/DIO_program.o
                0x0000358c                DIO_u8SetPinDirection
 .text.DIO_u8SetPortDirection
                0x000037b0       0x92 ./COTS/1-MCAL/1-DIO/DIO_program.o
                0x000037b0                DIO_u8SetPortDirection
 .text.DIO_u8SetPinValue
                0x00003842      0x224 ./COTS/1-MCAL/1-DIO/DIO_program.o
                0x00003842                DIO_u8SetPinValue
 .text.DIO_u8SetPortValue
                0x00003a66       0x92 ./COTS/1-MCAL/1-DIO/DIO_program.o
                0x00003a66                DIO_u8SetPortValue
 .text.DIO_u8GetPinValue
                0x00003af8      0x12a ./COTS/1-MCAL/1-DIO/DIO_program.o
                0x00003af8                DIO_u8GetPinValue
 .text.DIO_u8GetPortValue
                0x00003c22       0xa6 ./COTS/1-MCAL/1-DIO/DIO_program.o
                0x00003c22                DIO_u8GetPortValue
 .text.Map      0x00003cc8      0x116 ./COTS/1-MCAL/1-DIO/DIO_program.o
                0x00003cc8                Map
 .text.main     0x00003dde        0xe ./main.o
                0x00003dde                main
 .text.libgcc   0x00003dec       0x3e d:/imt_sdk_win_64/winavr/bin/../lib/gcc/avr/4.3.3/avr5\libgcc.a(_mulsi3.o)
                0x00003dec                __mulsi3
 .text.libgcc   0x00003e2a       0x44 d:/imt_sdk_win_64/winavr/bin/../lib/gcc/avr/4.3.3/avr5\libgcc.a(_udivmodsi4.o)
                0x00003e2a                __udivmodsi4
 .text.libgcc   0x00003e6e       0x36 d:/imt_sdk_win_64/winavr/bin/../lib/gcc/avr/4.3.3/avr5\libgcc.a(_divmodsi4.o)
                0x00003e6e                __divmodsi4
 .text.libgcc   0x00003ea4        0x0 d:/imt_sdk_win_64/winavr/bin/../lib/gcc/avr/4.3.3/avr5\libgcc.a(_exit.o)
 .text.libgcc   0x00003ea4        0x0 d:/imt_sdk_win_64/winavr/bin/../lib/gcc/avr/4.3.3/avr5\libgcc.a(_copy_data.o)
 .text.libgcc   0x00003ea4        0x0 d:/imt_sdk_win_64/winavr/bin/../lib/gcc/avr/4.3.3/avr5\libgcc.a(_clear_bss.o)
 .text.libgcc   0x00003ea4       0x38 d:/imt_sdk_win_64/winavr/bin/../lib/gcc/avr/4.3.3/avr5\libgcc.a(_prologue.o)
                0x00003ea4                __prologue_saves__
 .text.libgcc   0x00003edc       0x36 d:/imt_sdk_win_64/winavr/bin/../lib/gcc/avr/4.3.3/avr5\libgcc.a(_epilogue.o)
                0x00003edc                __epilogue_restores__
                0x00003f12                . = ALIGN (0x2)
 *(.fini9)
 .fini9         0x00003f12        0x0 d:/imt_sdk_win_64/winavr/bin/../lib/gcc/avr/4.3.3/avr5\libgcc.a(_exit.o)
                0x00003f12                exit
                0x00003f12                _exit
 *(.fini9)
 *(.fini8)
 *(.fini8)
 *(.fini7)
 *(.fini7)
 *(.fini6)
 *(.fini6)
 *(.fini5)
 *(.fini5)
 *(.fini4)
 *(.fini4)
 *(.fini3)
 *(.fini3)
 *(.fini2)
 *(.fini2)
 *(.fini1)
 *(.fini1)
 *(.fini0)
 .fini0         0x00003f12        0x4 d:/imt_sdk_win_64/winavr/bin/../lib/gcc/avr/4.3.3/avr5\libgcc.a(_exit.o)
 *(.fini0)
                0x00003f16                _etext = .

.data           0x00800060      0x12c load address 0x00003f16
                0x00800060                PROVIDE (__data_start, .)
 *(.data)
 .data          0x00800060        0x0 d:/imt_sdk_win_64/winavr/bin/../lib/gcc/avr/4.3.3/../../../../avr/lib/avr5/crtm32.o
 .data          0x00800060        0x0 ./COTS/2-HAL/SW/SW_program.o
 .data          0x00800060        0x0 ./COTS/2-HAL/SS/SS_program.o
 .data          0x00800060        0x0 ./COTS/2-HAL/LED/LED_program.o
 .data          0x00800060        0x0 ./COTS/2-HAL/LCD/LCD_program.o
 .data          0x00800060        0x0 ./COTS/2-HAL/KeyPad/KP_program.o
 .data          0x00800060        0x0 ./COTS/1-MCAL/9-TWI/TWI_program.o
 .data          0x00800060        0x0 ./COTS/1-MCAL/8-SPI/SPI_program.o
 .data          0x00800060        0x0 ./COTS/1-MCAL/7-USART/USART_program.o
 .data          0x00800060        0x0 ./COTS/1-MCAL/6-PORT/Port_program.o
 .data          0x00800060        0x0 ./COTS/1-MCAL/5-TIMER/TIMER_program.o
 .data          0x00800060        0x0 ./COTS/1-MCAL/4-ADC/ADC_program.o
 .data          0x00800060        0x0 ./COTS/1-MCAL/3-GIE/GIE_program.o
 .data          0x00800060        0x0 ./COTS/1-MCAL/2-EXTI/EXTI_program.o
 .data          0x00800060        0x0 ./COTS/1-MCAL/1-DIO/DIO_program.o
 .data          0x00800060        0x0 ./main.o
 .data          0x00800060        0x0 d:/imt_sdk_win_64/winavr/bin/../lib/gcc/avr/4.3.3/avr5\libgcc.a(_mulsi3.o)
 .data          0x00800060        0x0 d:/imt_sdk_win_64/winavr/bin/../lib/gcc/avr/4.3.3/avr5\libgcc.a(_udivmodsi4.o)
 .data          0x00800060        0x0 d:/imt_sdk_win_64/winavr/bin/../lib/gcc/avr/4.3.3/avr5\libgcc.a(_divmodsi4.o)
 .data          0x00800060        0x0 d:/imt_sdk_win_64/winavr/bin/../lib/gcc/avr/4.3.3/avr5\libgcc.a(_exit.o)
 .data          0x00800060        0x0 d:/imt_sdk_win_64/winavr/bin/../lib/gcc/avr/4.3.3/avr5\libgcc.a(_copy_data.o)
 .data          0x00800060        0x0 d:/imt_sdk_win_64/winavr/bin/../lib/gcc/avr/4.3.3/avr5\libgcc.a(_clear_bss.o)
 .data          0x00800060        0x0 d:/imt_sdk_win_64/winavr/bin/../lib/gcc/avr/4.3.3/avr5\libgcc.a(_fixunssfsi.o)
 .data          0x00800060        0x0 d:/imt_sdk_win_64/winavr/bin/../lib/gcc/avr/4.3.3/avr5\libgcc.a(_addsub_sf.o)
 .data          0x00800060        0x0 d:/imt_sdk_win_64/winavr/bin/../lib/gcc/avr/4.3.3/avr5\libgcc.a(_mul_sf.o)
 .data          0x00800060        0x0 d:/imt_sdk_win_64/winavr/bin/../lib/gcc/avr/4.3.3/avr5\libgcc.a(_gt_sf.o)
 .data          0x00800060        0x0 d:/imt_sdk_win_64/winavr/bin/../lib/gcc/avr/4.3.3/avr5\libgcc.a(_ge_sf.o)
 .data          0x00800060        0x0 d:/imt_sdk_win_64/winavr/bin/../lib/gcc/avr/4.3.3/avr5\libgcc.a(_lt_sf.o)
 .data          0x00800060        0x0 d:/imt_sdk_win_64/winavr/bin/../lib/gcc/avr/4.3.3/avr5\libgcc.a(_si_to_sf.o)
 .data          0x00800060        0x0 d:/imt_sdk_win_64/winavr/bin/../lib/gcc/avr/4.3.3/avr5\libgcc.a(_sf_to_si.o)
 .data          0x00800060        0x8 d:/imt_sdk_win_64/winavr/bin/../lib/gcc/avr/4.3.3/avr5\libgcc.a(_thenan_sf.o)
                0x00800060                __thenan_sf
 .data          0x00800068        0x0 d:/imt_sdk_win_64/winavr/bin/../lib/gcc/avr/4.3.3/avr5\libgcc.a(_prologue.o)
 .data          0x00800068        0x0 d:/imt_sdk_win_64/winavr/bin/../lib/gcc/avr/4.3.3/avr5\libgcc.a(_epilogue.o)
 .data          0x00800068        0x0 d:/imt_sdk_win_64/winavr/bin/../lib/gcc/avr/4.3.3/avr5\libgcc.a(_clzsi2.o)
 .data          0x00800068        0x0 d:/imt_sdk_win_64/winavr/bin/../lib/gcc/avr/4.3.3/avr5\libgcc.a(_pack_sf.o)
 .data          0x00800068        0x0 d:/imt_sdk_win_64/winavr/bin/../lib/gcc/avr/4.3.3/avr5\libgcc.a(_unpack_sf.o)
 .data          0x00800068        0x0 d:/imt_sdk_win_64/winavr/bin/../lib/gcc/avr/4.3.3/avr5\libgcc.a(_fpcmp_parts_sf.o)
 .data          0x00800068      0x100 d:/imt_sdk_win_64/winavr/bin/../lib/gcc/avr/4.3.3/avr5\libgcc.a(_clz.o)
                0x00800068                __clz_tab
 *(.data*)
 .data.segmentA
                0x00800168        0xa ./COTS/2-HAL/SS/SS_program.o
 .data.KP_RowArr.1233
                0x00800172        0x4 ./COTS/2-HAL/KeyPad/KP_program.o
 .data.KP_ColArr.1232
                0x00800176        0x4 ./COTS/2-HAL/KeyPad/KP_program.o
 .data.KP_arr.1231
                0x0080017a       0x10 ./COTS/2-HAL/KeyPad/KP_program.o
 .data.Init_F   0x0080018a        0x1 ./COTS/1-MCAL/5-TIMER/TIMER_program.o
 .data.ChainChannel
                0x0080018b        0x1 ./COTS/1-MCAL/4-ADC/ADC_program.o
 *(.rodata)
 *(.rodata*)
 *(.gnu.linkonce.d*)
                0x0080018c                . = ALIGN (0x2)
                0x0080018c                _edata = .
                0x0080018c                PROVIDE (__data_end, .)

.bss            0x0080018c       0x22
                0x0080018c                PROVIDE (__bss_start, .)
 *(.bss)
 .bss           0x0080018c        0x0 d:/imt_sdk_win_64/winavr/bin/../lib/gcc/avr/4.3.3/../../../../avr/lib/avr5/crtm32.o
 .bss           0x0080018c        0x0 ./COTS/2-HAL/SW/SW_program.o
 .bss           0x0080018c        0x0 ./COTS/2-HAL/SS/SS_program.o
 .bss           0x0080018c        0x0 ./COTS/2-HAL/LED/LED_program.o
 .bss           0x0080018c        0x0 ./COTS/2-HAL/LCD/LCD_program.o
 .bss           0x0080018c        0x0 ./COTS/2-HAL/KeyPad/KP_program.o
 .bss           0x0080018c        0x0 ./COTS/1-MCAL/9-TWI/TWI_program.o
 .bss           0x0080018c        0x0 ./COTS/1-MCAL/8-SPI/SPI_program.o
 .bss           0x0080018c        0x0 ./COTS/1-MCAL/7-USART/USART_program.o
 .bss           0x0080018c        0x0 ./COTS/1-MCAL/6-PORT/Port_program.o
 .bss           0x0080018c        0x0 ./COTS/1-MCAL/5-TIMER/TIMER_program.o
 .bss           0x0080018c        0x0 ./COTS/1-MCAL/4-ADC/ADC_program.o
 .bss           0x0080018c        0x0 ./COTS/1-MCAL/3-GIE/GIE_program.o
 .bss           0x0080018c        0x0 ./COTS/1-MCAL/2-EXTI/EXTI_program.o
 .bss           0x0080018c        0x0 ./COTS/1-MCAL/1-DIO/DIO_program.o
 .bss           0x0080018c        0x0 ./main.o
 .bss           0x0080018c        0x0 d:/imt_sdk_win_64/winavr/bin/../lib/gcc/avr/4.3.3/avr5\libgcc.a(_mulsi3.o)
 .bss           0x0080018c        0x0 d:/imt_sdk_win_64/winavr/bin/../lib/gcc/avr/4.3.3/avr5\libgcc.a(_udivmodsi4.o)
 .bss           0x0080018c        0x0 d:/imt_sdk_win_64/winavr/bin/../lib/gcc/avr/4.3.3/avr5\libgcc.a(_divmodsi4.o)
 .bss           0x0080018c        0x0 d:/imt_sdk_win_64/winavr/bin/../lib/gcc/avr/4.3.3/avr5\libgcc.a(_exit.o)
 .bss           0x0080018c        0x0 d:/imt_sdk_win_64/winavr/bin/../lib/gcc/avr/4.3.3/avr5\libgcc.a(_copy_data.o)
 .bss           0x0080018c        0x0 d:/imt_sdk_win_64/winavr/bin/../lib/gcc/avr/4.3.3/avr5\libgcc.a(_clear_bss.o)
 .bss           0x0080018c        0x0 d:/imt_sdk_win_64/winavr/bin/../lib/gcc/avr/4.3.3/avr5\libgcc.a(_fixunssfsi.o)
 .bss           0x0080018c        0x0 d:/imt_sdk_win_64/winavr/bin/../lib/gcc/avr/4.3.3/avr5\libgcc.a(_addsub_sf.o)
 .bss           0x0080018c        0x0 d:/imt_sdk_win_64/winavr/bin/../lib/gcc/avr/4.3.3/avr5\libgcc.a(_mul_sf.o)
 .bss           0x0080018c        0x0 d:/imt_sdk_win_64/winavr/bin/../lib/gcc/avr/4.3.3/avr5\libgcc.a(_gt_sf.o)
 .bss           0x0080018c        0x0 d:/imt_sdk_win_64/winavr/bin/../lib/gcc/avr/4.3.3/avr5\libgcc.a(_ge_sf.o)
 .bss           0x0080018c        0x0 d:/imt_sdk_win_64/winavr/bin/../lib/gcc/avr/4.3.3/avr5\libgcc.a(_lt_sf.o)
 .bss           0x0080018c        0x0 d:/imt_sdk_win_64/winavr/bin/../lib/gcc/avr/4.3.3/avr5\libgcc.a(_si_to_sf.o)
 .bss           0x0080018c        0x0 d:/imt_sdk_win_64/winavr/bin/../lib/gcc/avr/4.3.3/avr5\libgcc.a(_sf_to_si.o)
 .bss           0x0080018c        0x0 d:/imt_sdk_win_64/winavr/bin/../lib/gcc/avr/4.3.3/avr5\libgcc.a(_thenan_sf.o)
 .bss           0x0080018c        0x0 d:/imt_sdk_win_64/winavr/bin/../lib/gcc/avr/4.3.3/avr5\libgcc.a(_prologue.o)
 .bss           0x0080018c        0x0 d:/imt_sdk_win_64/winavr/bin/../lib/gcc/avr/4.3.3/avr5\libgcc.a(_epilogue.o)
 .bss           0x0080018c        0x0 d:/imt_sdk_win_64/winavr/bin/../lib/gcc/avr/4.3.3/avr5\libgcc.a(_clzsi2.o)
 .bss           0x0080018c        0x0 d:/imt_sdk_win_64/winavr/bin/../lib/gcc/avr/4.3.3/avr5\libgcc.a(_pack_sf.o)
 .bss           0x0080018c        0x0 d:/imt_sdk_win_64/winavr/bin/../lib/gcc/avr/4.3.3/avr5\libgcc.a(_unpack_sf.o)
 .bss           0x0080018c        0x0 d:/imt_sdk_win_64/winavr/bin/../lib/gcc/avr/4.3.3/avr5\libgcc.a(_fpcmp_parts_sf.o)
 .bss           0x0080018c        0x0 d:/imt_sdk_win_64/winavr/bin/../lib/gcc/avr/4.3.3/avr5\libgcc.a(_clz.o)
 *(.bss*)
 .bss.TIMER0_COMPCallBack
                0x0080018c        0x2 ./COTS/1-MCAL/5-TIMER/TIMER_program.o
 .bss.TIMER0_OVFCallBack
                0x0080018e        0x2 ./COTS/1-MCAL/5-TIMER/TIMER_program.o
 .bss.ICU_CallBack
                0x00800190        0x2 ./COTS/1-MCAL/5-TIMER/TIMER_program.o
 .bss.Mode      0x00800192        0x1 ./COTS/1-MCAL/5-TIMER/TIMER_program.o
 .bss.Copy_u8Time
                0x00800193        0x2 ./COTS/1-MCAL/5-TIMER/TIMER_program.o
 .bss.Period    0x00800195        0x1 ./COTS/1-MCAL/5-TIMER/TIMER_program.o
 .bss.counter_us.1274
                0x00800196        0x1 ./COTS/1-MCAL/5-TIMER/TIMER_program.o
 .bss.counter_ms.1273
                0x00800197        0x2 ./COTS/1-MCAL/5-TIMER/TIMER_program.o
 .bss.ADC_pu8Reading
                0x00800199        0x2 ./COTS/1-MCAL/4-ADC/ADC_program.o
 .bss.ADC_pvCallBack
                0x0080019b        0x2 ./COTS/1-MCAL/4-ADC/ADC_program.o
 .bss.Local_u8BusyState
                0x0080019d        0x1 ./COTS/1-MCAL/4-ADC/ADC_program.o
                0x0080019d                Local_u8BusyState
 .bss.ADC_pu8ChainCannelArr
                0x0080019e        0x2 ./COTS/1-MCAL/4-ADC/ADC_program.o
 .bss.ADC_pu16ChainResultArr
                0x008001a0        0x2 ./COTS/1-MCAL/4-ADC/ADC_program.o
 .bss.SingleChannelAsync
                0x008001a2        0x1 ./COTS/1-MCAL/4-ADC/ADC_program.o
 .bss.ADC_u8ChainSize
                0x008001a3        0x1 ./COTS/1-MCAL/4-ADC/ADC_program.o
 .bss.ADC_u8CahinIndex
                0x008001a4        0x1 ./COTS/1-MCAL/4-ADC/ADC_program.o
 .bss.ADC_u8ISRSource
                0x008001a5        0x1 ./COTS/1-MCAL/4-ADC/ADC_program.o
 .bss.Int0Function
                0x008001a6        0x2 ./COTS/1-MCAL/2-EXTI/EXTI_program.o
                0x008001a6                Int0Function
 .bss.Int1Function
                0x008001a8        0x2 ./COTS/1-MCAL/2-EXTI/EXTI_program.o
                0x008001a8                Int1Function
 .bss.Int2Function
                0x008001aa        0x2 ./COTS/1-MCAL/2-EXTI/EXTI_program.o
                0x008001aa                Int2Function
 *(COMMON)
 COMMON         0x008001ac        0x2 ./COTS/1-MCAL/4-ADC/ADC_program.o
                0x008001ac                Local_ADCReading
                0x008001ae                PROVIDE (__bss_end, .)
                0x00003f16                __data_load_start = LOADADDR (.data)
                0x00004042                __data_load_end = (__data_load_start + SIZEOF (.data))

.noinit         0x008001ae        0x0
                0x008001ae                PROVIDE (__noinit_start, .)
 *(.noinit*)
                0x008001ae                PROVIDE (__noinit_end, .)
                0x008001ae                _end = .
                0x008001ae                PROVIDE (__heap_start, .)

.eeprom         0x00810000        0x0
 *(.eeprom*)
                0x00810000                __eeprom_end = .

.fuse
 *(.fuse)
 *(.lfuse)
 *(.hfuse)
 *(.efuse)

.lock
 *(.lock*)

.signature
 *(.signature*)

.stab           0x00000000     0x4cd4
 *(.stab)
 .stab          0x00000000      0x288 ./COTS/2-HAL/SW/SW_program.o
 .stab          0x00000288      0x288 ./COTS/2-HAL/SS/SS_program.o
                                0x294 (size before relaxing)
 .stab          0x00000510      0x21c ./COTS/2-HAL/LED/LED_program.o
                                0x228 (size before relaxing)
 .stab          0x0000072c      0xcf0 ./COTS/2-HAL/LCD/LCD_program.o
                                0xcfc (size before relaxing)
 .stab          0x0000141c      0x324 ./COTS/2-HAL/KeyPad/KP_program.o
                                0x330 (size before relaxing)
 .stab          0x00001740      0x6a8 ./COTS/1-MCAL/9-TWI/TWI_program.o
                                0x6b4 (size before relaxing)
 .stab          0x00001de8      0x270 ./COTS/1-MCAL/8-SPI/SPI_program.o
                                0x27c (size before relaxing)
 .stab          0x00002058      0x2f4 ./COTS/1-MCAL/7-USART/USART_program.o
                                0x300 (size before relaxing)
 .stab          0x0000234c      0x1ec ./COTS/1-MCAL/6-PORT/Port_program.o
                                0x1f8 (size before relaxing)
 .stab          0x00002538      0xe40 ./COTS/1-MCAL/5-TIMER/TIMER_program.o
                                0xe4c (size before relaxing)
 .stab          0x00003378      0x6cc ./COTS/1-MCAL/4-ADC/ADC_program.o
                                0x6d8 (size before relaxing)
 .stab          0x00003a44      0x1e0 ./COTS/1-MCAL/3-GIE/GIE_program.o
                                0x1ec (size before relaxing)
 .stab          0x00003c24      0x7d4 ./COTS/1-MCAL/2-EXTI/EXTI_program.o
                                0x7e0 (size before relaxing)
 .stab          0x000043f8      0x7e0 ./COTS/1-MCAL/1-DIO/DIO_program.o
                                0x7ec (size before relaxing)
 .stab          0x00004bd8       0xfc ./main.o
                                0x108 (size before relaxing)

.stabstr        0x00000000     0x2315
 *(.stabstr)
 .stabstr       0x00000000     0x2315 ./COTS/2-HAL/SW/SW_program.o

.stab.excl
 *(.stab.excl)

.stab.exclstr
 *(.stab.exclstr)

.stab.index
 *(.stab.index)

.stab.indexstr
 *(.stab.indexstr)

.comment
 *(.comment)

.debug
 *(.debug)

.line
 *(.line)

.debug_srcinfo
 *(.debug_srcinfo)

.debug_sfnames
 *(.debug_sfnames)

.debug_aranges  0x00000000      0x180
 *(.debug_aranges)
 .debug_aranges
                0x00000000       0x20 d:/imt_sdk_win_64/winavr/bin/../lib/gcc/avr/4.3.3/avr5\libgcc.a(_fixunssfsi.o)
 .debug_aranges
                0x00000020       0x20 d:/imt_sdk_win_64/winavr/bin/../lib/gcc/avr/4.3.3/avr5\libgcc.a(_addsub_sf.o)
 .debug_aranges
                0x00000040       0x20 d:/imt_sdk_win_64/winavr/bin/../lib/gcc/avr/4.3.3/avr5\libgcc.a(_mul_sf.o)
 .debug_aranges
                0x00000060       0x20 d:/imt_sdk_win_64/winavr/bin/../lib/gcc/avr/4.3.3/avr5\libgcc.a(_gt_sf.o)
 .debug_aranges
                0x00000080       0x20 d:/imt_sdk_win_64/winavr/bin/../lib/gcc/avr/4.3.3/avr5\libgcc.a(_ge_sf.o)
 .debug_aranges
                0x000000a0       0x20 d:/imt_sdk_win_64/winavr/bin/../lib/gcc/avr/4.3.3/avr5\libgcc.a(_lt_sf.o)
 .debug_aranges
                0x000000c0       0x20 d:/imt_sdk_win_64/winavr/bin/../lib/gcc/avr/4.3.3/avr5\libgcc.a(_si_to_sf.o)
 .debug_aranges
                0x000000e0       0x20 d:/imt_sdk_win_64/winavr/bin/../lib/gcc/avr/4.3.3/avr5\libgcc.a(_sf_to_si.o)
 .debug_aranges
                0x00000100       0x20 d:/imt_sdk_win_64/winavr/bin/../lib/gcc/avr/4.3.3/avr5\libgcc.a(_clzsi2.o)
 .debug_aranges
                0x00000120       0x20 d:/imt_sdk_win_64/winavr/bin/../lib/gcc/avr/4.3.3/avr5\libgcc.a(_pack_sf.o)
 .debug_aranges
                0x00000140       0x20 d:/imt_sdk_win_64/winavr/bin/../lib/gcc/avr/4.3.3/avr5\libgcc.a(_unpack_sf.o)
 .debug_aranges
                0x00000160       0x20 d:/imt_sdk_win_64/winavr/bin/../lib/gcc/avr/4.3.3/avr5\libgcc.a(_fpcmp_parts_sf.o)

.debug_pubnames
                0x00000000      0x1d1
 *(.debug_pubnames)
 .debug_pubnames
                0x00000000       0x23 d:/imt_sdk_win_64/winavr/bin/../lib/gcc/avr/4.3.3/avr5\libgcc.a(_fixunssfsi.o)
 .debug_pubnames
                0x00000023       0x2c d:/imt_sdk_win_64/winavr/bin/../lib/gcc/avr/4.3.3/avr5\libgcc.a(_addsub_sf.o)
 .debug_pubnames
                0x0000004f       0x1f d:/imt_sdk_win_64/winavr/bin/../lib/gcc/avr/4.3.3/avr5\libgcc.a(_mul_sf.o)
 .debug_pubnames
                0x0000006e       0x1e d:/imt_sdk_win_64/winavr/bin/../lib/gcc/avr/4.3.3/avr5\libgcc.a(_gt_sf.o)
 .debug_pubnames
                0x0000008c       0x1e d:/imt_sdk_win_64/winavr/bin/../lib/gcc/avr/4.3.3/avr5\libgcc.a(_ge_sf.o)
 .debug_pubnames
                0x000000aa       0x1e d:/imt_sdk_win_64/winavr/bin/../lib/gcc/avr/4.3.3/avr5\libgcc.a(_lt_sf.o)
 .debug_pubnames
                0x000000c8       0x22 d:/imt_sdk_win_64/winavr/bin/../lib/gcc/avr/4.3.3/avr5\libgcc.a(_si_to_sf.o)
 .debug_pubnames
                0x000000ea       0x20 d:/imt_sdk_win_64/winavr/bin/../lib/gcc/avr/4.3.3/avr5\libgcc.a(_sf_to_si.o)
 .debug_pubnames
                0x0000010a       0x22 d:/imt_sdk_win_64/winavr/bin/../lib/gcc/avr/4.3.3/avr5\libgcc.a(_thenan_sf.o)
 .debug_pubnames
                0x0000012c       0x1f d:/imt_sdk_win_64/winavr/bin/../lib/gcc/avr/4.3.3/avr5\libgcc.a(_clzsi2.o)
 .debug_pubnames
                0x0000014b       0x1f d:/imt_sdk_win_64/winavr/bin/../lib/gcc/avr/4.3.3/avr5\libgcc.a(_pack_sf.o)
 .debug_pubnames
                0x0000016a       0x21 d:/imt_sdk_win_64/winavr/bin/../lib/gcc/avr/4.3.3/avr5\libgcc.a(_unpack_sf.o)
 .debug_pubnames
                0x0000018b       0x26 d:/imt_sdk_win_64/winavr/bin/../lib/gcc/avr/4.3.3/avr5\libgcc.a(_fpcmp_parts_sf.o)
 .debug_pubnames
                0x000001b1       0x20 d:/imt_sdk_win_64/winavr/bin/../lib/gcc/avr/4.3.3/avr5\libgcc.a(_clz.o)

.debug_info     0x00000000     0x2010
 *(.debug_info)
 .debug_info    0x00000000       0xb1 d:/imt_sdk_win_64/winavr/bin/../lib/gcc/avr/4.3.3/avr5\libgcc.a(_fixunssfsi.o)
 .debug_info    0x000000b1      0x47a d:/imt_sdk_win_64/winavr/bin/../lib/gcc/avr/4.3.3/avr5\libgcc.a(_addsub_sf.o)
 .debug_info    0x0000052b      0x485 d:/imt_sdk_win_64/winavr/bin/../lib/gcc/avr/4.3.3/avr5\libgcc.a(_mul_sf.o)
 .debug_info    0x000009b0      0x27f d:/imt_sdk_win_64/winavr/bin/../lib/gcc/avr/4.3.3/avr5\libgcc.a(_gt_sf.o)
 .debug_info    0x00000c2f      0x27f d:/imt_sdk_win_64/winavr/bin/../lib/gcc/avr/4.3.3/avr5\libgcc.a(_ge_sf.o)
 .debug_info    0x00000eae      0x27f d:/imt_sdk_win_64/winavr/bin/../lib/gcc/avr/4.3.3/avr5\libgcc.a(_lt_sf.o)
 .debug_info    0x0000112d      0x207 d:/imt_sdk_win_64/winavr/bin/../lib/gcc/avr/4.3.3/avr5\libgcc.a(_si_to_sf.o)
 .debug_info    0x00001334      0x2b0 d:/imt_sdk_win_64/winavr/bin/../lib/gcc/avr/4.3.3/avr5\libgcc.a(_sf_to_si.o)
 .debug_info    0x000015e4      0x12c d:/imt_sdk_win_64/winavr/bin/../lib/gcc/avr/4.3.3/avr5\libgcc.a(_thenan_sf.o)
 .debug_info    0x00001710      0x117 d:/imt_sdk_win_64/winavr/bin/../lib/gcc/avr/4.3.3/avr5\libgcc.a(_clzsi2.o)
 .debug_info    0x00001827      0x2df d:/imt_sdk_win_64/winavr/bin/../lib/gcc/avr/4.3.3/avr5\libgcc.a(_pack_sf.o)
 .debug_info    0x00001b06      0x251 d:/imt_sdk_win_64/winavr/bin/../lib/gcc/avr/4.3.3/avr5\libgcc.a(_unpack_sf.o)
 .debug_info    0x00001d57      0x210 d:/imt_sdk_win_64/winavr/bin/../lib/gcc/avr/4.3.3/avr5\libgcc.a(_fpcmp_parts_sf.o)
 .debug_info    0x00001f67       0xa9 d:/imt_sdk_win_64/winavr/bin/../lib/gcc/avr/4.3.3/avr5\libgcc.a(_clz.o)
 *(.gnu.linkonce.wi.*)

.debug_abbrev   0x00000000     0x1161
 *(.debug_abbrev)
 .debug_abbrev  0x00000000       0x5d d:/imt_sdk_win_64/winavr/bin/../lib/gcc/avr/4.3.3/avr5\libgcc.a(_fixunssfsi.o)
 .debug_abbrev  0x0000005d      0x1ea d:/imt_sdk_win_64/winavr/bin/../lib/gcc/avr/4.3.3/avr5\libgcc.a(_addsub_sf.o)
 .debug_abbrev  0x00000247      0x21b d:/imt_sdk_win_64/winavr/bin/../lib/gcc/avr/4.3.3/avr5\libgcc.a(_mul_sf.o)
 .debug_abbrev  0x00000462      0x15a d:/imt_sdk_win_64/winavr/bin/../lib/gcc/avr/4.3.3/avr5\libgcc.a(_gt_sf.o)
 .debug_abbrev  0x000005bc      0x15a d:/imt_sdk_win_64/winavr/bin/../lib/gcc/avr/4.3.3/avr5\libgcc.a(_ge_sf.o)
 .debug_abbrev  0x00000716      0x15a d:/imt_sdk_win_64/winavr/bin/../lib/gcc/avr/4.3.3/avr5\libgcc.a(_lt_sf.o)
 .debug_abbrev  0x00000870      0x148 d:/imt_sdk_win_64/winavr/bin/../lib/gcc/avr/4.3.3/avr5\libgcc.a(_si_to_sf.o)
 .debug_abbrev  0x000009b8      0x17f d:/imt_sdk_win_64/winavr/bin/../lib/gcc/avr/4.3.3/avr5\libgcc.a(_sf_to_si.o)
 .debug_abbrev  0x00000b37       0xad d:/imt_sdk_win_64/winavr/bin/../lib/gcc/avr/4.3.3/avr5\libgcc.a(_thenan_sf.o)
 .debug_abbrev  0x00000be4       0xc4 d:/imt_sdk_win_64/winavr/bin/../lib/gcc/avr/4.3.3/avr5\libgcc.a(_clzsi2.o)
 .debug_abbrev  0x00000ca8      0x1c0 d:/imt_sdk_win_64/winavr/bin/../lib/gcc/avr/4.3.3/avr5\libgcc.a(_pack_sf.o)
 .debug_abbrev  0x00000e68      0x154 d:/imt_sdk_win_64/winavr/bin/../lib/gcc/avr/4.3.3/avr5\libgcc.a(_unpack_sf.o)
 .debug_abbrev  0x00000fbc      0x13b d:/imt_sdk_win_64/winavr/bin/../lib/gcc/avr/4.3.3/avr5\libgcc.a(_fpcmp_parts_sf.o)
 .debug_abbrev  0x000010f7       0x6a d:/imt_sdk_win_64/winavr/bin/../lib/gcc/avr/4.3.3/avr5\libgcc.a(_clz.o)

.debug_line     0x00000000     0x1003
 *(.debug_line)
 .debug_line    0x00000000       0xa7 d:/imt_sdk_win_64/winavr/bin/../lib/gcc/avr/4.3.3/avr5\libgcc.a(_fixunssfsi.o)
 .debug_line    0x000000a7      0x2af d:/imt_sdk_win_64/winavr/bin/../lib/gcc/avr/4.3.3/avr5\libgcc.a(_addsub_sf.o)
 .debug_line    0x00000356      0x239 d:/imt_sdk_win_64/winavr/bin/../lib/gcc/avr/4.3.3/avr5\libgcc.a(_mul_sf.o)
 .debug_line    0x0000058f       0xd3 d:/imt_sdk_win_64/winavr/bin/../lib/gcc/avr/4.3.3/avr5\libgcc.a(_gt_sf.o)
 .debug_line    0x00000662       0xd3 d:/imt_sdk_win_64/winavr/bin/../lib/gcc/avr/4.3.3/avr5\libgcc.a(_ge_sf.o)
 .debug_line    0x00000735       0xd3 d:/imt_sdk_win_64/winavr/bin/../lib/gcc/avr/4.3.3/avr5\libgcc.a(_lt_sf.o)
 .debug_line    0x00000808      0x135 d:/imt_sdk_win_64/winavr/bin/../lib/gcc/avr/4.3.3/avr5\libgcc.a(_si_to_sf.o)
 .debug_line    0x0000093d      0x109 d:/imt_sdk_win_64/winavr/bin/../lib/gcc/avr/4.3.3/avr5\libgcc.a(_sf_to_si.o)
 .debug_line    0x00000a46       0x90 d:/imt_sdk_win_64/winavr/bin/../lib/gcc/avr/4.3.3/avr5\libgcc.a(_thenan_sf.o)
 .debug_line    0x00000ad6       0xa5 d:/imt_sdk_win_64/winavr/bin/../lib/gcc/avr/4.3.3/avr5\libgcc.a(_clzsi2.o)
 .debug_line    0x00000b7b      0x18a d:/imt_sdk_win_64/winavr/bin/../lib/gcc/avr/4.3.3/avr5\libgcc.a(_pack_sf.o)
 .debug_line    0x00000d05      0x14b d:/imt_sdk_win_64/winavr/bin/../lib/gcc/avr/4.3.3/avr5\libgcc.a(_unpack_sf.o)
 .debug_line    0x00000e50      0x137 d:/imt_sdk_win_64/winavr/bin/../lib/gcc/avr/4.3.3/avr5\libgcc.a(_fpcmp_parts_sf.o)
 .debug_line    0x00000f87       0x7c d:/imt_sdk_win_64/winavr/bin/../lib/gcc/avr/4.3.3/avr5\libgcc.a(_clz.o)

.debug_frame    0x00000000      0x1a0
 *(.debug_frame)
 .debug_frame   0x00000000       0x20 d:/imt_sdk_win_64/winavr/bin/../lib/gcc/avr/4.3.3/avr5\libgcc.a(_fixunssfsi.o)
 .debug_frame   0x00000020       0x40 d:/imt_sdk_win_64/winavr/bin/../lib/gcc/avr/4.3.3/avr5\libgcc.a(_addsub_sf.o)
 .debug_frame   0x00000060       0x20 d:/imt_sdk_win_64/winavr/bin/../lib/gcc/avr/4.3.3/avr5\libgcc.a(_mul_sf.o)
 .debug_frame   0x00000080       0x20 d:/imt_sdk_win_64/winavr/bin/../lib/gcc/avr/4.3.3/avr5\libgcc.a(_gt_sf.o)
 .debug_frame   0x000000a0       0x20 d:/imt_sdk_win_64/winavr/bin/../lib/gcc/avr/4.3.3/avr5\libgcc.a(_ge_sf.o)
 .debug_frame   0x000000c0       0x20 d:/imt_sdk_win_64/winavr/bin/../lib/gcc/avr/4.3.3/avr5\libgcc.a(_lt_sf.o)
 .debug_frame   0x000000e0       0x20 d:/imt_sdk_win_64/winavr/bin/../lib/gcc/avr/4.3.3/avr5\libgcc.a(_si_to_sf.o)
 .debug_frame   0x00000100       0x20 d:/imt_sdk_win_64/winavr/bin/../lib/gcc/avr/4.3.3/avr5\libgcc.a(_sf_to_si.o)
 .debug_frame   0x00000120       0x20 d:/imt_sdk_win_64/winavr/bin/../lib/gcc/avr/4.3.3/avr5\libgcc.a(_clzsi2.o)
 .debug_frame   0x00000140       0x20 d:/imt_sdk_win_64/winavr/bin/../lib/gcc/avr/4.3.3/avr5\libgcc.a(_pack_sf.o)
 .debug_frame   0x00000160       0x20 d:/imt_sdk_win_64/winavr/bin/../lib/gcc/avr/4.3.3/avr5\libgcc.a(_unpack_sf.o)
 .debug_frame   0x00000180       0x20 d:/imt_sdk_win_64/winavr/bin/../lib/gcc/avr/4.3.3/avr5\libgcc.a(_fpcmp_parts_sf.o)

.debug_str      0x00000000      0x2be
 *(.debug_str)
 .debug_str     0x00000000       0xbf d:/imt_sdk_win_64/winavr/bin/../lib/gcc/avr/4.3.3/avr5\libgcc.a(_fixunssfsi.o)
                                 0xfe (size before relaxing)
 .debug_str     0x000000bf      0x14d d:/imt_sdk_win_64/winavr/bin/../lib/gcc/avr/4.3.3/avr5\libgcc.a(_addsub_sf.o)
                                0x206 (size before relaxing)
 .debug_str     0x0000020c       0x27 d:/imt_sdk_win_64/winavr/bin/../lib/gcc/avr/4.3.3/avr5\libgcc.a(_mul_sf.o)
                                0x1bf (size before relaxing)
 .debug_str     0x00000233        0x8 d:/imt_sdk_win_64/winavr/bin/../lib/gcc/avr/4.3.3/avr5\libgcc.a(_gt_sf.o)
                                0x195 (size before relaxing)
 .debug_str     0x0000023b        0x8 d:/imt_sdk_win_64/winavr/bin/../lib/gcc/avr/4.3.3/avr5\libgcc.a(_ge_sf.o)
                                0x195 (size before relaxing)
 .debug_str     0x00000243        0x8 d:/imt_sdk_win_64/winavr/bin/../lib/gcc/avr/4.3.3/avr5\libgcc.a(_lt_sf.o)
                                0x195 (size before relaxing)
 .debug_str     0x0000024b       0x1e d:/imt_sdk_win_64/winavr/bin/../lib/gcc/avr/4.3.3/avr5\libgcc.a(_si_to_sf.o)
                                0x17b (size before relaxing)
 .debug_str     0x00000269        0xa d:/imt_sdk_win_64/winavr/bin/../lib/gcc/avr/4.3.3/avr5\libgcc.a(_sf_to_si.o)
                                0x19e (size before relaxing)
 .debug_str     0x00000000      0x103 d:/imt_sdk_win_64/winavr/bin/../lib/gcc/avr/4.3.3/avr5\libgcc.a(_thenan_sf.o)
 .debug_str     0x00000273       0x20 d:/imt_sdk_win_64/winavr/bin/../lib/gcc/avr/4.3.3/avr5\libgcc.a(_clzsi2.o)
                                0x111 (size before relaxing)
 .debug_str     0x00000293       0x10 d:/imt_sdk_win_64/winavr/bin/../lib/gcc/avr/4.3.3/avr5\libgcc.a(_pack_sf.o)
                                0x19d (size before relaxing)
 .debug_str     0x000002a3        0xb d:/imt_sdk_win_64/winavr/bin/../lib/gcc/avr/4.3.3/avr5\libgcc.a(_unpack_sf.o)
                                0x17f (size before relaxing)
 .debug_str     0x000002ae       0x10 d:/imt_sdk_win_64/winavr/bin/../lib/gcc/avr/4.3.3/avr5\libgcc.a(_fpcmp_parts_sf.o)
                                0x163 (size before relaxing)
 .debug_str     0x00000000       0xf4 d:/imt_sdk_win_64/winavr/bin/../lib/gcc/avr/4.3.3/avr5\libgcc.a(_clz.o)

.debug_loc      0x00000000      0x90e
 *(.debug_loc)
 .debug_loc     0x00000000       0x34 d:/imt_sdk_win_64/winavr/bin/../lib/gcc/avr/4.3.3/avr5\libgcc.a(_fixunssfsi.o)
 .debug_loc     0x00000034      0x32a d:/imt_sdk_win_64/winavr/bin/../lib/gcc/avr/4.3.3/avr5\libgcc.a(_addsub_sf.o)
 .debug_loc     0x0000035e      0x104 d:/imt_sdk_win_64/winavr/bin/../lib/gcc/avr/4.3.3/avr5\libgcc.a(_mul_sf.o)
 .debug_loc     0x00000462       0x3c d:/imt_sdk_win_64/winavr/bin/../lib/gcc/avr/4.3.3/avr5\libgcc.a(_gt_sf.o)
 .debug_loc     0x0000049e       0x3c d:/imt_sdk_win_64/winavr/bin/../lib/gcc/avr/4.3.3/avr5\libgcc.a(_ge_sf.o)
 .debug_loc     0x000004da       0x3c d:/imt_sdk_win_64/winavr/bin/../lib/gcc/avr/4.3.3/avr5\libgcc.a(_lt_sf.o)
 .debug_loc     0x00000516       0xac d:/imt_sdk_win_64/winavr/bin/../lib/gcc/avr/4.3.3/avr5\libgcc.a(_si_to_sf.o)
 .debug_loc     0x000005c2       0x7e d:/imt_sdk_win_64/winavr/bin/../lib/gcc/avr/4.3.3/avr5\libgcc.a(_sf_to_si.o)
 .debug_loc     0x00000640       0x94 d:/imt_sdk_win_64/winavr/bin/../lib/gcc/avr/4.3.3/avr5\libgcc.a(_clzsi2.o)
 .debug_loc     0x000006d4      0x13e d:/imt_sdk_win_64/winavr/bin/../lib/gcc/avr/4.3.3/avr5\libgcc.a(_pack_sf.o)
 .debug_loc     0x00000812       0xac d:/imt_sdk_win_64/winavr/bin/../lib/gcc/avr/4.3.3/avr5\libgcc.a(_unpack_sf.o)
 .debug_loc     0x000008be       0x50 d:/imt_sdk_win_64/winavr/bin/../lib/gcc/avr/4.3.3/avr5\libgcc.a(_fpcmp_parts_sf.o)

.debug_macinfo
 *(.debug_macinfo)
OUTPUT(TWI.elf elf32-avr)
LOAD linker stubs

.debug_ranges   0x00000000       0x50
 .debug_ranges  0x00000000       0x50 d:/imt_sdk_win_64/winavr/bin/../lib/gcc/avr/4.3.3/avr5\libgcc.a(_mul_sf.o)
